CPU 0 interrupt status:
 Int  Level  Type   Status
  0     *      *    Reserved
  1     *      *    Reserved
  2     2    Level  Used: RTC_CORE
  3     2    Level  Used: SYSTIMER_TARGET2_EDGE
  4     2    Level  Used: FROM_CPU_INTR0
  5     *      *    Reserved
  6     *      *    Reserved
  7     2    Level  Used: SYSTIMER_TARGET0_EDGE
  8     *      *    Reserved
  9     2    Level  Used: TG0_WDT_LEVEL
 10     2    Level  Used: UART0
 11     *      *    Free
 12     *      *    Free
 13     *      *    Free
 14     *      *    Free
 15     *      *    Free
 16     *      *    Free
 17     *      *    Free
 18     *      *    Free
 19     *      *    Free
 20     *      *    Free
 21     *      *    Free
 22     *      *    Free
 23     *      *    Free
 24     *      *    Reserved
 25     *      *    Reserved
 26     *      *    Reserved
 27     *      *    Reserved
 28     *      *    Free
 29     *      *    Free
 30     *      *    Free
 31     *      *    Free
Interrupts available for general use: 17
Shared interrupts: 0
